The system is: Linux - 6.8.0-40-generic - x86_64
Compiling the CXX compiler identification source file "CMakeCXXCompilerId.cpp" succeeded.
Compiler: /usr/bin/c++ 
Build flags: 
Id flags:  

The output was:
0


Compilation of the CXX compiler identification source "CMakeCXXCompilerId.cpp" produced "a.out"

The CXX compiler identification is GNU, found in "/home/lunet/cozj/ns3.36/ns-allinone-3.36.1_han/ns-3.36.1/cmake-cache/CMakeFiles/3.22.1/CompilerIdCXX/a.out"

Detecting CXX compiler ABI info compiled with the following output:
Change Dir: /home/lunet/cozj/ns3.36/ns-allinone-3.36.1_han/ns-3.36.1/cmake-cache/CMakeFiles/CMakeTmp

Run Build Command(s):/usr/bin/gmake -f Makefile cmTC_1efbf/fast && /usr/bin/gmake  -f CMakeFiles/cmTC_1efbf.dir/build.make CMakeFiles/cmTC_1efbf.dir/build
gmake[1]: Entering directory '/home/lunet/cozj/ns3.36/ns-allinone-3.36.1_han/ns-3.36.1/cmake-cache/CMakeFiles/CMakeTmp'
Building CXX object CMakeFiles/cmTC_1efbf.dir/CMakeCXXCompilerABI.cpp.o
/usr/bin/c++   -v -o CMakeFiles/cmTC_1efbf.dir/CMakeCXXCompilerABI.cpp.o -c /usr/share/cmake-3.22/Modules/CMakeCXXCompilerABI.cpp
Using built-in specs.
COLLECT_GCC=/usr/bin/c++
OFFLOAD_TARGET_NAMES=nvptx-none:amdgcn-amdhsa
OFFLOAD_TARGET_DEFAULT=1
Target: x86_64-linux-gnu
Configured with: ../src/configure -v --with-pkgversion='Ubuntu 11.4.0-1ubuntu1~22.04' --with-bugurl=file:///usr/share/doc/gcc-11/README.Bugs --enable-languages=c,ada,c++,go,brig,d,fortran,objc,obj-c++,m2 --prefix=/usr --with-gcc-major-version-only --program-suffix=-11 --program-prefix=x86_64-linux-gnu- --enable-shared --enable-linker-build-id --libexecdir=/usr/lib --without-included-gettext --enable-threads=posix --libdir=/usr/lib --enable-nls --enable-bootstrap --enable-clocale=gnu --enable-libstdcxx-debug --enable-libstdcxx-time=yes --with-default-libstdcxx-abi=new --enable-gnu-unique-object --disable-vtable-verify --enable-plugin --enable-default-pie --with-system-zlib --enable-libphobos-checking=release --with-target-system-zlib=auto --enable-objc-gc=auto --enable-multiarch --disable-werror --enable-cet --with-arch-32=i686 --with-abi=m64 --with-multilib-list=m32,m64,mx32 --enable-multilib --with-tune=generic --enable-offload-targets=nvptx-none=/build/gcc-11-XeT9lY/gcc-11-11.4.0/debian/tmp-nvptx/usr,amdgcn-amdhsa=/build/gcc-11-XeT9lY/gcc-11-11.4.0/debian/tmp-gcn/usr --without-cuda-driver --enable-checking=release --build=x86_64-linux-gnu --host=x86_64-linux-gnu --target=x86_64-linux-gnu --with-build-config=bootstrap-lto-lean --enable-link-serialization=2
Thread model: posix
Supported LTO compression algorithms: zlib zstd
gcc version 11.4.0 (Ubuntu 11.4.0-1ubuntu1~22.04) 
COLLECT_GCC_OPTIONS='-v' '-o' 'CMakeFiles/cmTC_1efbf.dir/CMakeCXXCompilerABI.cpp.o' '-c' '-shared-libgcc' '-mtune=generic' '-march=x86-64' '-dumpdir' 'CMakeFiles/cmTC_1efbf.dir/'
 /usr/lib/gcc/x86_64-linux-gnu/11/cc1plus -quiet -v -imultiarch x86_64-linux-gnu -D_GNU_SOURCE /usr/share/cmake-3.22/Modules/CMakeCXXCompilerABI.cpp -quiet -dumpdir CMakeFiles/cmTC_1efbf.dir/ -dumpbase CMakeCXXCompilerABI.cpp.cpp -dumpbase-ext .cpp -mtune=generic -march=x86-64 -version -fasynchronous-unwind-tables -fstack-protector-strong -Wformat -Wformat-security -fstack-clash-protection -fcf-protection -o /tmp/ccPGYYVB.s
GNU C++17 (Ubuntu 11.4.0-1ubuntu1~22.04) version 11.4.0 (x86_64-linux-gnu)
	compiled by GNU C version 11.4.0, GMP version 6.2.1, MPFR version 4.1.0, MPC version 1.2.1, isl version isl-0.24-GMP

GGC heuristics: --param ggc-min-expand=100 --param ggc-min-heapsize=131072
ignoring duplicate directory "/usr/include/x86_64-linux-gnu/c++/11"
ignoring nonexistent directory "/usr/local/include/x86_64-linux-gnu"
ignoring nonexistent directory "/usr/lib/gcc/x86_64-linux-gnu/11/include-fixed"
ignoring nonexistent directory "/usr/lib/gcc/x86_64-linux-gnu/11/../../../../x86_64-linux-gnu/include"
#include "..." search starts here:
#include <...> search starts here:
 /usr/include/c++/11
 /usr/include/x86_64-linux-gnu/c++/11
 /usr/include/c++/11/backward
 /usr/lib/gcc/x86_64-linux-gnu/11/include
 /usr/local/include
 /usr/include/x86_64-linux-gnu
 /usr/include
End of search list.
GNU C++17 (Ubuntu 11.4.0-1ubuntu1~22.04) version 11.4.0 (x86_64-linux-gnu)
	compiled by GNU C version 11.4.0, GMP version 6.2.1, MPFR version 4.1.0, MPC version 1.2.1, isl version isl-0.24-GMP

GGC heuristics: --param ggc-min-expand=100 --param ggc-min-heapsize=131072
Compiler executable checksum: d591828bb4d392ae8b7b160e5bb0b95f
COLLECT_GCC_OPTIONS='-v' '-o' 'CMakeFiles/cmTC_1efbf.dir/CMakeCXXCompilerABI.cpp.o' '-c' '-shared-libgcc' '-mtune=generic' '-march=x86-64' '-dumpdir' 'CMakeFiles/cmTC_1efbf.dir/'
 as -v --64 -o CMakeFiles/cmTC_1efbf.dir/CMakeCXXCompilerABI.cpp.o /tmp/ccPGYYVB.s
GNU assembler version 2.38 (x86_64-linux-gnu) using BFD version (GNU Binutils for Ubuntu) 2.38
COMPILER_PATH=/usr/lib/gcc/x86_64-linux-gnu/11/:/usr/lib/gcc/x86_64-linux-gnu/11/:/usr/lib/gcc/x86_64-linux-gnu/:/usr/lib/gcc/x86_64-linux-gnu/11/:/usr/lib/gcc/x86_64-linux-gnu/
LIBRARY_PATH=/usr/lib/gcc/x86_64-linux-gnu/11/:/usr/lib/gcc/x86_64-linux-gnu/11/../../../x86_64-linux-gnu/:/usr/lib/gcc/x86_64-linux-gnu/11/../../../../lib/:/lib/x86_64-linux-gnu/:/lib/../lib/:/usr/lib/x86_64-linux-gnu/:/usr/lib/../lib/:/usr/lib/gcc/x86_64-linux-gnu/11/../../../:/lib/:/usr/lib/
COLLECT_GCC_OPTIONS='-v' '-o' 'CMakeFiles/cmTC_1efbf.dir/CMakeCXXCompilerABI.cpp.o' '-c' '-shared-libgcc' '-mtune=generic' '-march=x86-64' '-dumpdir' 'CMakeFiles/cmTC_1efbf.dir/CMakeCXXCompilerABI.cpp.'
Linking CXX executable cmTC_1efbf
/usr/bin/cmake -E cmake_link_script CMakeFiles/cmTC_1efbf.dir/link.txt --verbose=1
/usr/bin/c++  -v CMakeFiles/cmTC_1efbf.dir/CMakeCXXCompilerABI.cpp.o -o cmTC_1efbf 
Using built-in specs.
COLLECT_GCC=/usr/bin/c++
COLLECT_LTO_WRAPPER=/usr/lib/gcc/x86_64-linux-gnu/11/lto-wrapper
OFFLOAD_TARGET_NAMES=nvptx-none:amdgcn-amdhsa
OFFLOAD_TARGET_DEFAULT=1
Target: x86_64-linux-gnu
Configured with: ../src/configure -v --with-pkgversion='Ubuntu 11.4.0-1ubuntu1~22.04' --with-bugurl=file:///usr/share/doc/gcc-11/README.Bugs --enable-languages=c,ada,c++,go,brig,d,fortran,objc,obj-c++,m2 --prefix=/usr --with-gcc-major-version-only --program-suffix=-11 --program-prefix=x86_64-linux-gnu- --enable-shared --enable-linker-build-id --libexecdir=/usr/lib --without-included-gettext --enable-threads=posix --libdir=/usr/lib --enable-nls --enable-bootstrap --enable-clocale=gnu --enable-libstdcxx-debug --enable-libstdcxx-time=yes --with-default-libstdcxx-abi=new --enable-gnu-unique-object --disable-vtable-verify --enable-plugin --enable-default-pie --with-system-zlib --enable-libphobos-checking=release --with-target-system-zlib=auto --enable-objc-gc=auto --enable-multiarch --disable-werror --enable-cet --with-arch-32=i686 --with-abi=m64 --with-multilib-list=m32,m64,mx32 --enable-multilib --with-tune=generic --enable-offload-targets=nvptx-none=/build/gcc-11-XeT9lY/gcc-11-11.4.0/debian/tmp-nvptx/usr,amdgcn-amdhsa=/build/gcc-11-XeT9lY/gcc-11-11.4.0/debian/tmp-gcn/usr --without-cuda-driver --enable-checking=release --build=x86_64-linux-gnu --host=x86_64-linux-gnu --target=x86_64-linux-gnu --with-build-config=bootstrap-lto-lean --enable-link-serialization=2
Thread model: posix
Supported LTO compression algorithms: zlib zstd
gcc version 11.4.0 (Ubuntu 11.4.0-1ubuntu1~22.04) 
COMPILER_PATH=/usr/lib/gcc/x86_64-linux-gnu/11/:/usr/lib/gcc/x86_64-linux-gnu/11/:/usr/lib/gcc/x86_64-linux-gnu/:/usr/lib/gcc/x86_64-linux-gnu/11/:/usr/lib/gcc/x86_64-linux-gnu/
LIBRARY_PATH=/usr/lib/gcc/x86_64-linux-gnu/11/:/usr/lib/gcc/x86_64-linux-gnu/11/../../../x86_64-linux-gnu/:/usr/lib/gcc/x86_64-linux-gnu/11/../../../../lib/:/lib/x86_64-linux-gnu/:/lib/../lib/:/usr/lib/x86_64-linux-gnu/:/usr/lib/../lib/:/usr/lib/gcc/x86_64-linux-gnu/11/../../../:/lib/:/usr/lib/
COLLECT_GCC_OPTIONS='-v' '-o' 'cmTC_1efbf' '-shared-libgcc' '-mtune=generic' '-march=x86-64' '-dumpdir' 'cmTC_1efbf.'
 /usr/lib/gcc/x86_64-linux-gnu/11/collect2 -plugin /usr/lib/gcc/x86_64-linux-gnu/11/liblto_plugin.so -plugin-opt=/usr/lib/gcc/x86_64-linux-gnu/11/lto-wrapper -plugin-opt=-fresolution=/tmp/cceElpHU.res -plugin-opt=-pass-through=-lgcc_s -plugin-opt=-pass-through=-lgcc -plugin-opt=-pass-through=-lc -plugin-opt=-pass-through=-lgcc_s -plugin-opt=-pass-through=-lgcc --build-id --eh-frame-hdr -m elf_x86_64 --hash-style=gnu --as-needed -dynamic-linker /lib64/ld-linux-x86-64.so.2 -pie -z now -z relro -o cmTC_1efbf /usr/lib/gcc/x86_64-linux-gnu/11/../../../x86_64-linux-gnu/Scrt1.o /usr/lib/gcc/x86_64-linux-gnu/11/../../../x86_64-linux-gnu/crti.o /usr/lib/gcc/x86_64-linux-gnu/11/crtbeginS.o -L/usr/lib/gcc/x86_64-linux-gnu/11 -L/usr/lib/gcc/x86_64-linux-gnu/11/../../../x86_64-linux-gnu -L/usr/lib/gcc/x86_64-linux-gnu/11/../../../../lib -L/lib/x86_64-linux-gnu -L/lib/../lib -L/usr/lib/x86_64-linux-gnu -L/usr/lib/../lib -L/usr/lib/gcc/x86_64-linux-gnu/11/../../.. CMakeFiles/cmTC_1efbf.dir/CMakeCXXCompilerABI.cpp.o -lstdc++ -lm -lgcc_s -lgcc -lc -lgcc_s -lgcc /usr/lib/gcc/x86_64-linux-gnu/11/crtendS.o /usr/lib/gcc/x86_64-linux-gnu/11/../../../x86_64-linux-gnu/crtn.o
COLLECT_GCC_OPTIONS='-v' '-o' 'cmTC_1efbf' '-shared-libgcc' '-mtune=generic' '-march=x86-64' '-dumpdir' 'cmTC_1efbf.'
gmake[1]: Leaving directory '/home/lunet/cozj/ns3.36/ns-allinone-3.36.1_han/ns-3.36.1/cmake-cache/CMakeFiles/CMakeTmp'



Parsed CXX implicit include dir info from above output: rv=done
  found start of include info
  found start of implicit include info
    add: [/usr/include/c++/11]
    add: [/usr/include/x86_64-linux-gnu/c++/11]
    add: [/usr/include/c++/11/backward]
    add: [/usr/lib/gcc/x86_64-linux-gnu/11/include]
    add: [/usr/local/include]
    add: [/usr/include/x86_64-linux-gnu]
    add: [/usr/include]
  end of search list found
  collapse include dir [/usr/include/c++/11] ==> [/usr/include/c++/11]
  collapse include dir [/usr/include/x86_64-linux-gnu/c++/11] ==> [/usr/include/x86_64-linux-gnu/c++/11]
  collapse include dir [/usr/include/c++/11/backward] ==> [/usr/include/c++/11/backward]
  collapse include dir [/usr/lib/gcc/x86_64-linux-gnu/11/include] ==> [/usr/lib/gcc/x86_64-linux-gnu/11/include]
  collapse include dir [/usr/local/include] ==> [/usr/local/include]
  collapse include dir [/usr/include/x86_64-linux-gnu] ==> [/usr/include/x86_64-linux-gnu]
  collapse include dir [/usr/include] ==> [/usr/include]
  implicit include dirs: [/usr/include/c++/11;/usr/include/x86_64-linux-gnu/c++/11;/usr/include/c++/11/backward;/usr/lib/gcc/x86_64-linux-gnu/11/include;/usr/local/include;/usr/include/x86_64-linux-gnu;/usr/include]


Parsed CXX implicit link information from above output:
  link line regex: [^( *|.*[/\])(ld|CMAKE_LINK_STARTFILE-NOTFOUND|([^/\]+-)?ld|collect2)[^/\]*( |$)]
  ignore line: [Change Dir: /home/lunet/cozj/ns3.36/ns-allinone-3.36.1_han/ns-3.36.1/cmake-cache/CMakeFiles/CMakeTmp]
  ignore line: []
  ignore line: [Run Build Command(s):/usr/bin/gmake -f Makefile cmTC_1efbf/fast && /usr/bin/gmake  -f CMakeFiles/cmTC_1efbf.dir/build.make CMakeFiles/cmTC_1efbf.dir/build]
  ignore line: [gmake[1]: Entering directory '/home/lunet/cozj/ns3.36/ns-allinone-3.36.1_han/ns-3.36.1/cmake-cache/CMakeFiles/CMakeTmp']
  ignore line: [Building CXX object CMakeFiles/cmTC_1efbf.dir/CMakeCXXCompilerABI.cpp.o]
  ignore line: [/usr/bin/c++   -v -o CMakeFiles/cmTC_1efbf.dir/CMakeCXXCompilerABI.cpp.o -c /usr/share/cmake-3.22/Modules/CMakeCXXCompilerABI.cpp]
  ignore line: [Using built-in specs.]
  ignore line: [COLLECT_GCC=/usr/bin/c++]
  ignore line: [OFFLOAD_TARGET_NAMES=nvptx-none:amdgcn-amdhsa]
  ignore line: [OFFLOAD_TARGET_DEFAULT=1]
  ignore line: [Target: x86_64-linux-gnu]
  ignore line: [Configured with: ../src/configure -v --with-pkgversion='Ubuntu 11.4.0-1ubuntu1~22.04' --with-bugurl=file:///usr/share/doc/gcc-11/README.Bugs --enable-languages=c ada c++ go brig d fortran objc obj-c++ m2 --prefix=/usr --with-gcc-major-version-only --program-suffix=-11 --program-prefix=x86_64-linux-gnu- --enable-shared --enable-linker-build-id --libexecdir=/usr/lib --without-included-gettext --enable-threads=posix --libdir=/usr/lib --enable-nls --enable-bootstrap --enable-clocale=gnu --enable-libstdcxx-debug --enable-libstdcxx-time=yes --with-default-libstdcxx-abi=new --enable-gnu-unique-object --disable-vtable-verify --enable-plugin --enable-default-pie --with-system-zlib --enable-libphobos-checking=release --with-target-system-zlib=auto --enable-objc-gc=auto --enable-multiarch --disable-werror --enable-cet --with-arch-32=i686 --with-abi=m64 --with-multilib-list=m32 m64 mx32 --enable-multilib --with-tune=generic --enable-offload-targets=nvptx-none=/build/gcc-11-XeT9lY/gcc-11-11.4.0/debian/tmp-nvptx/usr amdgcn-amdhsa=/build/gcc-11-XeT9lY/gcc-11-11.4.0/debian/tmp-gcn/usr --without-cuda-driver --enable-checking=release --build=x86_64-linux-gnu --host=x86_64-linux-gnu --target=x86_64-linux-gnu --with-build-config=bootstrap-lto-lean --enable-link-serialization=2]
  ignore line: [Thread model: posix]
  ignore line: [Supported LTO compression algorithms: zlib zstd]
  ignore line: [gcc version 11.4.0 (Ubuntu 11.4.0-1ubuntu1~22.04) ]
  ignore line: [COLLECT_GCC_OPTIONS='-v' '-o' 'CMakeFiles/cmTC_1efbf.dir/CMakeCXXCompilerABI.cpp.o' '-c' '-shared-libgcc' '-mtune=generic' '-march=x86-64' '-dumpdir' 'CMakeFiles/cmTC_1efbf.dir/']
  ignore line: [ /usr/lib/gcc/x86_64-linux-gnu/11/cc1plus -quiet -v -imultiarch x86_64-linux-gnu -D_GNU_SOURCE /usr/share/cmake-3.22/Modules/CMakeCXXCompilerABI.cpp -quiet -dumpdir CMakeFiles/cmTC_1efbf.dir/ -dumpbase CMakeCXXCompilerABI.cpp.cpp -dumpbase-ext .cpp -mtune=generic -march=x86-64 -version -fasynchronous-unwind-tables -fstack-protector-strong -Wformat -Wformat-security -fstack-clash-protection -fcf-protection -o /tmp/ccPGYYVB.s]
  ignore line: [GNU C++17 (Ubuntu 11.4.0-1ubuntu1~22.04) version 11.4.0 (x86_64-linux-gnu)]
  ignore line: [	compiled by GNU C version 11.4.0  GMP version 6.2.1  MPFR version 4.1.0  MPC version 1.2.1  isl version isl-0.24-GMP]
  ignore line: []
  ignore line: [GGC heuristics: --param ggc-min-expand=100 --param ggc-min-heapsize=131072]
  ignore line: [ignoring duplicate directory "/usr/include/x86_64-linux-gnu/c++/11"]
  ignore line: [ignoring nonexistent directory "/usr/local/include/x86_64-linux-gnu"]
  ignore line: [ignoring nonexistent directory "/usr/lib/gcc/x86_64-linux-gnu/11/include-fixed"]
  ignore line: [ignoring nonexistent directory "/usr/lib/gcc/x86_64-linux-gnu/11/../../../../x86_64-linux-gnu/include"]
  ignore line: [#include "..." search starts here:]
  ignore line: [#include <...> search starts here:]
  ignore line: [ /usr/include/c++/11]
  ignore line: [ /usr/include/x86_64-linux-gnu/c++/11]
  ignore line: [ /usr/include/c++/11/backward]
  ignore line: [ /usr/lib/gcc/x86_64-linux-gnu/11/include]
  ignore line: [ /usr/local/include]
  ignore line: [ /usr/include/x86_64-linux-gnu]
  ignore line: [ /usr/include]
  ignore line: [End of search list.]
  ignore line: [GNU C++17 (Ubuntu 11.4.0-1ubuntu1~22.04) version 11.4.0 (x86_64-linux-gnu)]
  ignore line: [	compiled by GNU C version 11.4.0  GMP version 6.2.1  MPFR version 4.1.0  MPC version 1.2.1  isl version isl-0.24-GMP]
  ignore line: []
  ignore line: [GGC heuristics: --param ggc-min-expand=100 --param ggc-min-heapsize=131072]
  ignore line: [Compiler executable checksum: d591828bb4d392ae8b7b160e5bb0b95f]
  ignore line: [COLLECT_GCC_OPTIONS='-v' '-o' 'CMakeFiles/cmTC_1efbf.dir/CMakeCXXCompilerABI.cpp.o' '-c' '-shared-libgcc' '-mtune=generic' '-march=x86-64' '-dumpdir' 'CMakeFiles/cmTC_1efbf.dir/']
  ignore line: [ as -v --64 -o CMakeFiles/cmTC_1efbf.dir/CMakeCXXCompilerABI.cpp.o /tmp/ccPGYYVB.s]
  ignore line: [GNU assembler version 2.38 (x86_64-linux-gnu) using BFD version (GNU Binutils for Ubuntu) 2.38]
  ignore line: [COMPILER_PATH=/usr/lib/gcc/x86_64-linux-gnu/11/:/usr/lib/gcc/x86_64-linux-gnu/11/:/usr/lib/gcc/x86_64-linux-gnu/:/usr/lib/gcc/x86_64-linux-gnu/11/:/usr/lib/gcc/x86_64-linux-gnu/]
  ignore line: [LIBRARY_PATH=/usr/lib/gcc/x86_64-linux-gnu/11/:/usr/lib/gcc/x86_64-linux-gnu/11/../../../x86_64-linux-gnu/:/usr/lib/gcc/x86_64-linux-gnu/11/../../../../lib/:/lib/x86_64-linux-gnu/:/lib/../lib/:/usr/lib/x86_64-linux-gnu/:/usr/lib/../lib/:/usr/lib/gcc/x86_64-linux-gnu/11/../../../:/lib/:/usr/lib/]
  ignore line: [COLLECT_GCC_OPTIONS='-v' '-o' 'CMakeFiles/cmTC_1efbf.dir/CMakeCXXCompilerABI.cpp.o' '-c' '-shared-libgcc' '-mtune=generic' '-march=x86-64' '-dumpdir' 'CMakeFiles/cmTC_1efbf.dir/CMakeCXXCompilerABI.cpp.']
  ignore line: [Linking CXX executable cmTC_1efbf]
  ignore line: [/usr/bin/cmake -E cmake_link_script CMakeFiles/cmTC_1efbf.dir/link.txt --verbose=1]
  ignore line: [/usr/bin/c++  -v CMakeFiles/cmTC_1efbf.dir/CMakeCXXCompilerABI.cpp.o -o cmTC_1efbf ]
  ignore line: [Using built-in specs.]
  ignore line: [COLLECT_GCC=/usr/bin/c++]
  ignore line: [COLLECT_LTO_WRAPPER=/usr/lib/gcc/x86_64-linux-gnu/11/lto-wrapper]
  ignore line: [OFFLOAD_TARGET_NAMES=nvptx-none:amdgcn-amdhsa]
  ignore line: [OFFLOAD_TARGET_DEFAULT=1]
  ignore line: [Target: x86_64-linux-gnu]
  ignore line: [Configured with: ../src/configure -v --with-pkgversion='Ubuntu 11.4.0-1ubuntu1~22.04' --with-bugurl=file:///usr/share/doc/gcc-11/README.Bugs --enable-languages=c ada c++ go brig d fortran objc obj-c++ m2 --prefix=/usr --with-gcc-major-version-only --program-suffix=-11 --program-prefix=x86_64-linux-gnu- --enable-shared --enable-linker-build-id --libexecdir=/usr/lib --without-included-gettext --enable-threads=posix --libdir=/usr/lib --enable-nls --enable-bootstrap --enable-clocale=gnu --enable-libstdcxx-debug --enable-libstdcxx-time=yes --with-default-libstdcxx-abi=new --enable-gnu-unique-object --disable-vtable-verify --enable-plugin --enable-default-pie --with-system-zlib --enable-libphobos-checking=release --with-target-system-zlib=auto --enable-objc-gc=auto --enable-multiarch --disable-werror --enable-cet --with-arch-32=i686 --with-abi=m64 --with-multilib-list=m32 m64 mx32 --enable-multilib --with-tune=generic --enable-offload-targets=nvptx-none=/build/gcc-11-XeT9lY/gcc-11-11.4.0/debian/tmp-nvptx/usr amdgcn-amdhsa=/build/gcc-11-XeT9lY/gcc-11-11.4.0/debian/tmp-gcn/usr --without-cuda-driver --enable-checking=release --build=x86_64-linux-gnu --host=x86_64-linux-gnu --target=x86_64-linux-gnu --with-build-config=bootstrap-lto-lean --enable-link-serialization=2]
  ignore line: [Thread model: posix]
  ignore line: [Supported LTO compression algorithms: zlib zstd]
  ignore line: [gcc version 11.4.0 (Ubuntu 11.4.0-1ubuntu1~22.04) ]
  ignore line: [COMPILER_PATH=/usr/lib/gcc/x86_64-linux-gnu/11/:/usr/lib/gcc/x86_64-linux-gnu/11/:/usr/lib/gcc/x86_64-linux-gnu/:/usr/lib/gcc/x86_64-linux-gnu/11/:/usr/lib/gcc/x86_64-linux-gnu/]
  ignore line: [LIBRARY_PATH=/usr/lib/gcc/x86_64-linux-gnu/11/:/usr/lib/gcc/x86_64-linux-gnu/11/../../../x86_64-linux-gnu/:/usr/lib/gcc/x86_64-linux-gnu/11/../../../../lib/:/lib/x86_64-linux-gnu/:/lib/../lib/:/usr/lib/x86_64-linux-gnu/:/usr/lib/../lib/:/usr/lib/gcc/x86_64-linux-gnu/11/../../../:/lib/:/usr/lib/]
  ignore line: [COLLECT_GCC_OPTIONS='-v' '-o' 'cmTC_1efbf' '-shared-libgcc' '-mtune=generic' '-march=x86-64' '-dumpdir' 'cmTC_1efbf.']
  link line: [ /usr/lib/gcc/x86_64-linux-gnu/11/collect2 -plugin /usr/lib/gcc/x86_64-linux-gnu/11/liblto_plugin.so -plugin-opt=/usr/lib/gcc/x86_64-linux-gnu/11/lto-wrapper -plugin-opt=-fresolution=/tmp/cceElpHU.res -plugin-opt=-pass-through=-lgcc_s -plugin-opt=-pass-through=-lgcc -plugin-opt=-pass-through=-lc -plugin-opt=-pass-through=-lgcc_s -plugin-opt=-pass-through=-lgcc --build-id --eh-frame-hdr -m elf_x86_64 --hash-style=gnu --as-needed -dynamic-linker /lib64/ld-linux-x86-64.so.2 -pie -z now -z relro -o cmTC_1efbf /usr/lib/gcc/x86_64-linux-gnu/11/../../../x86_64-linux-gnu/Scrt1.o /usr/lib/gcc/x86_64-linux-gnu/11/../../../x86_64-linux-gnu/crti.o /usr/lib/gcc/x86_64-linux-gnu/11/crtbeginS.o -L/usr/lib/gcc/x86_64-linux-gnu/11 -L/usr/lib/gcc/x86_64-linux-gnu/11/../../../x86_64-linux-gnu -L/usr/lib/gcc/x86_64-linux-gnu/11/../../../../lib -L/lib/x86_64-linux-gnu -L/lib/../lib -L/usr/lib/x86_64-linux-gnu -L/usr/lib/../lib -L/usr/lib/gcc/x86_64-linux-gnu/11/../../.. CMakeFiles/cmTC_1efbf.dir/CMakeCXXCompilerABI.cpp.o -lstdc++ -lm -lgcc_s -lgcc -lc -lgcc_s -lgcc /usr/lib/gcc/x86_64-linux-gnu/11/crtendS.o /usr/lib/gcc/x86_64-linux-gnu/11/../../../x86_64-linux-gnu/crtn.o]
    arg [/usr/lib/gcc/x86_64-linux-gnu/11/collect2] ==> ignore
    arg [-plugin] ==> ignore
    arg [/usr/lib/gcc/x86_64-linux-gnu/11/liblto_plugin.so] ==> ignore
    arg [-plugin-opt=/usr/lib/gcc/x86_64-linux-gnu/11/lto-wrapper] ==> ignore
    arg [-plugin-opt=-fresolution=/tmp/cceElpHU.res] ==> ignore
    arg [-plugin-opt=-pass-through=-lgcc_s] ==> ignore
    arg [-plugin-opt=-pass-through=-lgcc] ==> ignore
    arg [-plugin-opt=-pass-through=-lc] ==> ignore
    arg [-plugin-opt=-pass-through=-lgcc_s] ==> ignore
    arg [-plugin-opt=-pass-through=-lgcc] ==> ignore
    arg [--build-id] ==> ignore
    arg [--eh-frame-hdr] ==> ignore
    arg [-m] ==> ignore
    arg [elf_x86_64] ==> ignore
    arg [--hash-style=gnu] ==> ignore
    arg [--as-needed] ==> ignore
    arg [-dynamic-linker] ==> ignore
    arg [/lib64/ld-linux-x86-64.so.2] ==> ignore
    arg [-pie] ==> ignore
    arg [-znow] ==> ignore
    arg [-zrelro] ==> ignore
    arg [-o] ==> ignore
    arg [cmTC_1efbf] ==> ignore
    arg [/usr/lib/gcc/x86_64-linux-gnu/11/../../../x86_64-linux-gnu/Scrt1.o] ==> obj [/usr/lib/gcc/x86_64-linux-gnu/11/../../../x86_64-linux-gnu/Scrt1.o]
    arg [/usr/lib/gcc/x86_64-linux-gnu/11/../../../x86_64-linux-gnu/crti.o] ==> obj [/usr/lib/gcc/x86_64-linux-gnu/11/../../../x86_64-linux-gnu/crti.o]
    arg [/usr/lib/gcc/x86_64-linux-gnu/11/crtbeginS.o] ==> obj [/usr/lib/gcc/x86_64-linux-gnu/11/crtbeginS.o]
    arg [-L/usr/lib/gcc/x86_64-linux-gnu/11] ==> dir [/usr/lib/gcc/x86_64-linux-gnu/11]
    arg [-L/usr/lib/gcc/x86_64-linux-gnu/11/../../../x86_64-linux-gnu] ==> dir [/usr/lib/gcc/x86_64-linux-gnu/11/../../../x86_64-linux-gnu]
    arg [-L/usr/lib/gcc/x86_64-linux-gnu/11/../../../../lib] ==> dir [/usr/lib/gcc/x86_64-linux-gnu/11/../../../../lib]
    arg [-L/lib/x86_64-linux-gnu] ==> dir [/lib/x86_64-linux-gnu]
    arg [-L/lib/../lib] ==> dir [/lib/../lib]
    arg [-L/usr/lib/x86_64-linux-gnu] ==> dir [/usr/lib/x86_64-linux-gnu]
    arg [-L/usr/lib/../lib] ==> dir [/usr/lib/../lib]
    arg [-L/usr/lib/gcc/x86_64-linux-gnu/11/../../..] ==> dir [/usr/lib/gcc/x86_64-linux-gnu/11/../../..]
    arg [CMakeFiles/cmTC_1efbf.dir/CMakeCXXCompilerABI.cpp.o] ==> ignore
    arg [-lstdc++] ==> lib [stdc++]
    arg [-lm] ==> lib [m]
    arg [-lgcc_s] ==> lib [gcc_s]
    arg [-lgcc] ==> lib [gcc]
    arg [-lc] ==> lib [c]
    arg [-lgcc_s] ==> lib [gcc_s]
    arg [-lgcc] ==> lib [gcc]
    arg [/usr/lib/gcc/x86_64-linux-gnu/11/crtendS.o] ==> obj [/usr/lib/gcc/x86_64-linux-gnu/11/crtendS.o]
    arg [/usr/lib/gcc/x86_64-linux-gnu/11/../../../x86_64-linux-gnu/crtn.o] ==> obj [/usr/lib/gcc/x86_64-linux-gnu/11/../../../x86_64-linux-gnu/crtn.o]
  collapse obj [/usr/lib/gcc/x86_64-linux-gnu/11/../../../x86_64-linux-gnu/Scrt1.o] ==> [/usr/lib/x86_64-linux-gnu/Scrt1.o]
  collapse obj [/usr/lib/gcc/x86_64-linux-gnu/11/../../../x86_64-linux-gnu/crti.o] ==> [/usr/lib/x86_64-linux-gnu/crti.o]
  collapse obj [/usr/lib/gcc/x86_64-linux-gnu/11/../../../x86_64-linux-gnu/crtn.o] ==> [/usr/lib/x86_64-linux-gnu/crtn.o]
  collapse library dir [/usr/lib/gcc/x86_64-linux-gnu/11] ==> [/usr/lib/gcc/x86_64-linux-gnu/11]
  collapse library dir [/usr/lib/gcc/x86_64-linux-gnu/11/../../../x86_64-linux-gnu] ==> [/usr/lib/x86_64-linux-gnu]
  collapse library dir [/usr/lib/gcc/x86_64-linux-gnu/11/../../../../lib] ==> [/usr/lib]
  collapse library dir [/lib/x86_64-linux-gnu] ==> [/lib/x86_64-linux-gnu]
  collapse library dir [/lib/../lib] ==> [/lib]
  collapse library dir [/usr/lib/x86_64-linux-gnu] ==> [/usr/lib/x86_64-linux-gnu]
  collapse library dir [/usr/lib/../lib] ==> [/usr/lib]
  collapse library dir [/usr/lib/gcc/x86_64-linux-gnu/11/../../..] ==> [/usr/lib]
  implicit libs: [stdc++;m;gcc_s;gcc;c;gcc_s;gcc]
  implicit objs: [/usr/lib/x86_64-linux-gnu/Scrt1.o;/usr/lib/x86_64-linux-gnu/crti.o;/usr/lib/gcc/x86_64-linux-gnu/11/crtbeginS.o;/usr/lib/gcc/x86_64-linux-gnu/11/crtendS.o;/usr/lib/x86_64-linux-gnu/crtn.o]
  implicit dirs: [/usr/lib/gcc/x86_64-linux-gnu/11;/usr/lib/x86_64-linux-gnu;/usr/lib;/lib/x86_64-linux-gnu;/lib]
  implicit fwks: []


Determining if the include file pthread.h exists passed with the following output:
Change Dir: /home/lunet/cozj/ns3.36/ns-allinone-3.36.1_han/ns-3.36.1/cmake-cache/CMakeFiles/CMakeTmp

Run Build Command(s):/usr/bin/gmake -f Makefile cmTC_aee4f/fast && /usr/bin/gmake  -f CMakeFiles/cmTC_aee4f.dir/build.make CMakeFiles/cmTC_aee4f.dir/build
gmake[1]: Entering directory '/home/lunet/cozj/ns3.36/ns-allinone-3.36.1_han/ns-3.36.1/cmake-cache/CMakeFiles/CMakeTmp'
Building CXX object CMakeFiles/cmTC_aee4f.dir/CheckIncludeFile.cxx.o
/usr/bin/c++   -fPIE -std=gnu++17 -o CMakeFiles/cmTC_aee4f.dir/CheckIncludeFile.cxx.o -c /home/lunet/cozj/ns3.36/ns-allinone-3.36.1_han/ns-3.36.1/cmake-cache/CMakeFiles/CMakeTmp/CheckIncludeFile.cxx
Linking CXX executable cmTC_aee4f
/usr/bin/cmake -E cmake_link_script CMakeFiles/cmTC_aee4f.dir/link.txt --verbose=1
/usr/bin/c++ CMakeFiles/cmTC_aee4f.dir/CheckIncludeFile.cxx.o -o cmTC_aee4f 
gmake[1]: Leaving directory '/home/lunet/cozj/ns3.36/ns-allinone-3.36.1_han/ns-3.36.1/cmake-cache/CMakeFiles/CMakeTmp'



Performing C++ SOURCE FILE Test CMAKE_HAVE_LIBC_PTHREAD succeeded with the following output:
Change Dir: /home/lunet/cozj/ns3.36/ns-allinone-3.36.1_han/ns-3.36.1/cmake-cache/CMakeFiles/CMakeTmp

Run Build Command(s):/usr/bin/gmake -f Makefile cmTC_69451/fast && /usr/bin/gmake  -f CMakeFiles/cmTC_69451.dir/build.make CMakeFiles/cmTC_69451.dir/build
gmake[1]: Entering directory '/home/lunet/cozj/ns3.36/ns-allinone-3.36.1_han/ns-3.36.1/cmake-cache/CMakeFiles/CMakeTmp'
Building CXX object CMakeFiles/cmTC_69451.dir/src.cxx.o
/usr/bin/c++ -DCMAKE_HAVE_LIBC_PTHREAD  -fPIE -std=gnu++17 -o CMakeFiles/cmTC_69451.dir/src.cxx.o -c /home/lunet/cozj/ns3.36/ns-allinone-3.36.1_han/ns-3.36.1/cmake-cache/CMakeFiles/CMakeTmp/src.cxx
Linking CXX executable cmTC_69451
/usr/bin/cmake -E cmake_link_script CMakeFiles/cmTC_69451.dir/link.txt --verbose=1
/usr/bin/c++ CMakeFiles/cmTC_69451.dir/src.cxx.o -o cmTC_69451 
gmake[1]: Leaving directory '/home/lunet/cozj/ns3.36/ns-allinone-3.36.1_han/ns-3.36.1/cmake-cache/CMakeFiles/CMakeTmp'


Source file was:
#include <pthread.h>

static void* test_func(void* data)
{
  return data;
}

int main(void)
{
  pthread_t thread;
  pthread_create(&thread, NULL, test_func, NULL);
  pthread_detach(thread);
  pthread_cancel(thread);
  pthread_join(thread, NULL);
  pthread_atfork(NULL, NULL, NULL);
  pthread_exit(NULL);

  return 0;
}

Performing C++ SOURCE FILE Test HAVE___UINT128_T succeeded with the following output:
Change Dir: /home/lunet/cozj/ns3.36/ns-allinone-3.36.1_han/ns-3.36.1/cmake-cache/CMakeFiles/CMakeTmp

Run Build Command(s):/usr/bin/gmake -f Makefile cmTC_14bef/fast && /usr/bin/gmake  -f CMakeFiles/cmTC_14bef.dir/build.make CMakeFiles/cmTC_14bef.dir/build
gmake[1]: Entering directory '/home/lunet/cozj/ns3.36/ns-allinone-3.36.1_han/ns-3.36.1/cmake-cache/CMakeFiles/CMakeTmp'
Building CXX object CMakeFiles/cmTC_14bef.dir/src.cxx.o
/usr/bin/c++ -DHAVE___UINT128_T  -fPIE -std=gnu++17 -o CMakeFiles/cmTC_14bef.dir/src.cxx.o -c /home/lunet/cozj/ns3.36/ns-allinone-3.36.1_han/ns-3.36.1/cmake-cache/CMakeFiles/CMakeTmp/src.cxx
Linking CXX executable cmTC_14bef
/usr/bin/cmake -E cmake_link_script CMakeFiles/cmTC_14bef.dir/link.txt --verbose=1
/usr/bin/c++ CMakeFiles/cmTC_14bef.dir/src.cxx.o -o cmTC_14bef 
gmake[1]: Leaving directory '/home/lunet/cozj/ns3.36/ns-allinone-3.36.1_han/ns-3.36.1/cmake-cache/CMakeFiles/CMakeTmp'


Source file was:
#include <stdint.h>
       int main(int argc, char **argv)
         {
           (void)argc; (void)argv;
           if ((__uint128_t *) 0) return 0;
           if (sizeof (__uint128_t)) return 0;
           return 1;
        }
Determining if the include file stdint.h exists passed with the following output:
Change Dir: /home/lunet/cozj/ns3.36/ns-allinone-3.36.1_han/ns-3.36.1/cmake-cache/CMakeFiles/CMakeTmp

Run Build Command(s):/usr/bin/gmake -f Makefile cmTC_f3e04/fast && /usr/bin/gmake  -f CMakeFiles/cmTC_f3e04.dir/build.make CMakeFiles/cmTC_f3e04.dir/build
gmake[1]: Entering directory '/home/lunet/cozj/ns3.36/ns-allinone-3.36.1_han/ns-3.36.1/cmake-cache/CMakeFiles/CMakeTmp'
Building CXX object CMakeFiles/cmTC_f3e04.dir/CheckIncludeFile.cxx.o
/usr/bin/c++   -fPIE -std=gnu++17 -o CMakeFiles/cmTC_f3e04.dir/CheckIncludeFile.cxx.o -c /home/lunet/cozj/ns3.36/ns-allinone-3.36.1_han/ns-3.36.1/cmake-cache/CMakeFiles/CMakeTmp/CheckIncludeFile.cxx
Linking CXX executable cmTC_f3e04
/usr/bin/cmake -E cmake_link_script CMakeFiles/cmTC_f3e04.dir/link.txt --verbose=1
/usr/bin/c++ CMakeFiles/cmTC_f3e04.dir/CheckIncludeFile.cxx.o -o cmTC_f3e04 
gmake[1]: Leaving directory '/home/lunet/cozj/ns3.36/ns-allinone-3.36.1_han/ns-3.36.1/cmake-cache/CMakeFiles/CMakeTmp'



Determining if the include file inttypes.h exists passed with the following output:
Change Dir: /home/lunet/cozj/ns3.36/ns-allinone-3.36.1_han/ns-3.36.1/cmake-cache/CMakeFiles/CMakeTmp

Run Build Command(s):/usr/bin/gmake -f Makefile cmTC_d09e3/fast && /usr/bin/gmake  -f CMakeFiles/cmTC_d09e3.dir/build.make CMakeFiles/cmTC_d09e3.dir/build
gmake[1]: Entering directory '/home/lunet/cozj/ns3.36/ns-allinone-3.36.1_han/ns-3.36.1/cmake-cache/CMakeFiles/CMakeTmp'
Building CXX object CMakeFiles/cmTC_d09e3.dir/CheckIncludeFile.cxx.o
/usr/bin/c++   -fPIE -std=gnu++17 -o CMakeFiles/cmTC_d09e3.dir/CheckIncludeFile.cxx.o -c /home/lunet/cozj/ns3.36/ns-allinone-3.36.1_han/ns-3.36.1/cmake-cache/CMakeFiles/CMakeTmp/CheckIncludeFile.cxx
Linking CXX executable cmTC_d09e3
/usr/bin/cmake -E cmake_link_script CMakeFiles/cmTC_d09e3.dir/link.txt --verbose=1
/usr/bin/c++ CMakeFiles/cmTC_d09e3.dir/CheckIncludeFile.cxx.o -o cmTC_d09e3 
gmake[1]: Leaving directory '/home/lunet/cozj/ns3.36/ns-allinone-3.36.1_han/ns-3.36.1/cmake-cache/CMakeFiles/CMakeTmp'



Determining if the include file sys/types.h exists passed with the following output:
Change Dir: /home/lunet/cozj/ns3.36/ns-allinone-3.36.1_han/ns-3.36.1/cmake-cache/CMakeFiles/CMakeTmp

Run Build Command(s):/usr/bin/gmake -f Makefile cmTC_660ab/fast && /usr/bin/gmake  -f CMakeFiles/cmTC_660ab.dir/build.make CMakeFiles/cmTC_660ab.dir/build
gmake[1]: Entering directory '/home/lunet/cozj/ns3.36/ns-allinone-3.36.1_han/ns-3.36.1/cmake-cache/CMakeFiles/CMakeTmp'
Building CXX object CMakeFiles/cmTC_660ab.dir/CheckIncludeFile.cxx.o
/usr/bin/c++   -fPIE -std=gnu++17 -o CMakeFiles/cmTC_660ab.dir/CheckIncludeFile.cxx.o -c /home/lunet/cozj/ns3.36/ns-allinone-3.36.1_han/ns-3.36.1/cmake-cache/CMakeFiles/CMakeTmp/CheckIncludeFile.cxx
Linking CXX executable cmTC_660ab
/usr/bin/cmake -E cmake_link_script CMakeFiles/cmTC_660ab.dir/link.txt --verbose=1
/usr/bin/c++ CMakeFiles/cmTC_660ab.dir/CheckIncludeFile.cxx.o -o cmTC_660ab 
gmake[1]: Leaving directory '/home/lunet/cozj/ns3.36/ns-allinone-3.36.1_han/ns-3.36.1/cmake-cache/CMakeFiles/CMakeTmp'



Determining if the include file sys/stat.h exists passed with the following output:
Change Dir: /home/lunet/cozj/ns3.36/ns-allinone-3.36.1_han/ns-3.36.1/cmake-cache/CMakeFiles/CMakeTmp

Run Build Command(s):/usr/bin/gmake -f Makefile cmTC_cc140/fast && /usr/bin/gmake  -f CMakeFiles/cmTC_cc140.dir/build.make CMakeFiles/cmTC_cc140.dir/build
gmake[1]: Entering directory '/home/lunet/cozj/ns3.36/ns-allinone-3.36.1_han/ns-3.36.1/cmake-cache/CMakeFiles/CMakeTmp'
Building CXX object CMakeFiles/cmTC_cc140.dir/CheckIncludeFile.cxx.o
/usr/bin/c++   -fPIE -std=gnu++17 -o CMakeFiles/cmTC_cc140.dir/CheckIncludeFile.cxx.o -c /home/lunet/cozj/ns3.36/ns-allinone-3.36.1_han/ns-3.36.1/cmake-cache/CMakeFiles/CMakeTmp/CheckIncludeFile.cxx
Linking CXX executable cmTC_cc140
/usr/bin/cmake -E cmake_link_script CMakeFiles/cmTC_cc140.dir/link.txt --verbose=1
/usr/bin/c++ CMakeFiles/cmTC_cc140.dir/CheckIncludeFile.cxx.o -o cmTC_cc140 
gmake[1]: Leaving directory '/home/lunet/cozj/ns3.36/ns-allinone-3.36.1_han/ns-3.36.1/cmake-cache/CMakeFiles/CMakeTmp'



Determining if the include file dirent.h exists passed with the following output:
Change Dir: /home/lunet/cozj/ns3.36/ns-allinone-3.36.1_han/ns-3.36.1/cmake-cache/CMakeFiles/CMakeTmp

Run Build Command(s):/usr/bin/gmake -f Makefile cmTC_4b04d/fast && /usr/bin/gmake  -f CMakeFiles/cmTC_4b04d.dir/build.make CMakeFiles/cmTC_4b04d.dir/build
gmake[1]: Entering directory '/home/lunet/cozj/ns3.36/ns-allinone-3.36.1_han/ns-3.36.1/cmake-cache/CMakeFiles/CMakeTmp'
Building CXX object CMakeFiles/cmTC_4b04d.dir/CheckIncludeFile.cxx.o
/usr/bin/c++   -fPIE -std=gnu++17 -o CMakeFiles/cmTC_4b04d.dir/CheckIncludeFile.cxx.o -c /home/lunet/cozj/ns3.36/ns-allinone-3.36.1_han/ns-3.36.1/cmake-cache/CMakeFiles/CMakeTmp/CheckIncludeFile.cxx
Linking CXX executable cmTC_4b04d
/usr/bin/cmake -E cmake_link_script CMakeFiles/cmTC_4b04d.dir/link.txt --verbose=1
/usr/bin/c++ CMakeFiles/cmTC_4b04d.dir/CheckIncludeFile.cxx.o -o cmTC_4b04d 
gmake[1]: Leaving directory '/home/lunet/cozj/ns3.36/ns-allinone-3.36.1_han/ns-3.36.1/cmake-cache/CMakeFiles/CMakeTmp'



Determining if the include file stdlib.h exists passed with the following output:
Change Dir: /home/lunet/cozj/ns3.36/ns-allinone-3.36.1_han/ns-3.36.1/cmake-cache/CMakeFiles/CMakeTmp

Run Build Command(s):/usr/bin/gmake -f Makefile cmTC_e9a2c/fast && /usr/bin/gmake  -f CMakeFiles/cmTC_e9a2c.dir/build.make CMakeFiles/cmTC_e9a2c.dir/build
gmake[1]: Entering directory '/home/lunet/cozj/ns3.36/ns-allinone-3.36.1_han/ns-3.36.1/cmake-cache/CMakeFiles/CMakeTmp'
Building CXX object CMakeFiles/cmTC_e9a2c.dir/CheckIncludeFile.cxx.o
/usr/bin/c++   -fPIE -std=gnu++17 -o CMakeFiles/cmTC_e9a2c.dir/CheckIncludeFile.cxx.o -c /home/lunet/cozj/ns3.36/ns-allinone-3.36.1_han/ns-3.36.1/cmake-cache/CMakeFiles/CMakeTmp/CheckIncludeFile.cxx
Linking CXX executable cmTC_e9a2c
/usr/bin/cmake -E cmake_link_script CMakeFiles/cmTC_e9a2c.dir/link.txt --verbose=1
/usr/bin/c++ CMakeFiles/cmTC_e9a2c.dir/CheckIncludeFile.cxx.o -o cmTC_e9a2c 
gmake[1]: Leaving directory '/home/lunet/cozj/ns3.36/ns-allinone-3.36.1_han/ns-3.36.1/cmake-cache/CMakeFiles/CMakeTmp'



Determining if the include file signal.h exists passed with the following output:
Change Dir: /home/lunet/cozj/ns3.36/ns-allinone-3.36.1_han/ns-3.36.1/cmake-cache/CMakeFiles/CMakeTmp

Run Build Command(s):/usr/bin/gmake -f Makefile cmTC_0e2b4/fast && /usr/bin/gmake  -f CMakeFiles/cmTC_0e2b4.dir/build.make CMakeFiles/cmTC_0e2b4.dir/build
gmake[1]: Entering directory '/home/lunet/cozj/ns3.36/ns-allinone-3.36.1_han/ns-3.36.1/cmake-cache/CMakeFiles/CMakeTmp'
Building CXX object CMakeFiles/cmTC_0e2b4.dir/CheckIncludeFile.cxx.o
/usr/bin/c++   -fPIE -std=gnu++17 -o CMakeFiles/cmTC_0e2b4.dir/CheckIncludeFile.cxx.o -c /home/lunet/cozj/ns3.36/ns-allinone-3.36.1_han/ns-3.36.1/cmake-cache/CMakeFiles/CMakeTmp/CheckIncludeFile.cxx
Linking CXX executable cmTC_0e2b4
/usr/bin/cmake -E cmake_link_script CMakeFiles/cmTC_0e2b4.dir/link.txt --verbose=1
/usr/bin/c++ CMakeFiles/cmTC_0e2b4.dir/CheckIncludeFile.cxx.o -o cmTC_0e2b4 
gmake[1]: Leaving directory '/home/lunet/cozj/ns3.36/ns-allinone-3.36.1_han/ns-3.36.1/cmake-cache/CMakeFiles/CMakeTmp'



Determining if the include file netpacket/packet.h exists passed with the following output:
Change Dir: /home/lunet/cozj/ns3.36/ns-allinone-3.36.1_han/ns-3.36.1/cmake-cache/CMakeFiles/CMakeTmp

Run Build Command(s):/usr/bin/gmake -f Makefile cmTC_d845e/fast && /usr/bin/gmake  -f CMakeFiles/cmTC_d845e.dir/build.make CMakeFiles/cmTC_d845e.dir/build
gmake[1]: Entering directory '/home/lunet/cozj/ns3.36/ns-allinone-3.36.1_han/ns-3.36.1/cmake-cache/CMakeFiles/CMakeTmp'
Building CXX object CMakeFiles/cmTC_d845e.dir/CheckIncludeFile.cxx.o
/usr/bin/c++   -fPIE -std=gnu++17 -o CMakeFiles/cmTC_d845e.dir/CheckIncludeFile.cxx.o -c /home/lunet/cozj/ns3.36/ns-allinone-3.36.1_han/ns-3.36.1/cmake-cache/CMakeFiles/CMakeTmp/CheckIncludeFile.cxx
Linking CXX executable cmTC_d845e
/usr/bin/cmake -E cmake_link_script CMakeFiles/cmTC_d845e.dir/link.txt --verbose=1
/usr/bin/c++ CMakeFiles/cmTC_d845e.dir/CheckIncludeFile.cxx.o -o cmTC_d845e 
gmake[1]: Leaving directory '/home/lunet/cozj/ns3.36/ns-allinone-3.36.1_han/ns-3.36.1/cmake-cache/CMakeFiles/CMakeTmp'



Determining if the function getenv exists passed with the following output:
Change Dir: /home/lunet/cozj/ns3.36/ns-allinone-3.36.1_han/ns-3.36.1/cmake-cache/CMakeFiles/CMakeTmp

Run Build Command(s):/usr/bin/gmake -f Makefile cmTC_0b3ee/fast && /usr/bin/gmake  -f CMakeFiles/cmTC_0b3ee.dir/build.make CMakeFiles/cmTC_0b3ee.dir/build
gmake[1]: Entering directory '/home/lunet/cozj/ns3.36/ns-allinone-3.36.1_han/ns-3.36.1/cmake-cache/CMakeFiles/CMakeTmp'
Building CXX object CMakeFiles/cmTC_0b3ee.dir/CheckFunctionExists.cxx.o
/usr/bin/c++   -DCHECK_FUNCTION_EXISTS=getenv -fPIE -std=gnu++17 -o CMakeFiles/cmTC_0b3ee.dir/CheckFunctionExists.cxx.o -c /home/lunet/cozj/ns3.36/ns-allinone-3.36.1_han/ns-3.36.1/cmake-cache/CMakeFiles/CheckFunctionExists/CheckFunctionExists.cxx
Linking CXX executable cmTC_0b3ee
/usr/bin/cmake -E cmake_link_script CMakeFiles/cmTC_0b3ee.dir/link.txt --verbose=1
/usr/bin/c++  -DCHECK_FUNCTION_EXISTS=getenv CMakeFiles/cmTC_0b3ee.dir/CheckFunctionExists.cxx.o -o cmTC_0b3ee 
gmake[1]: Leaving directory '/home/lunet/cozj/ns3.36/ns-allinone-3.36.1_han/ns-3.36.1/cmake-cache/CMakeFiles/CMakeTmp'



Determining if files boost/units/quantity.hpp;boost/units/systems/si.hpp exist passed with the following output:
Change Dir: /home/lunet/cozj/ns3.36/ns-allinone-3.36.1_han/ns-3.36.1/cmake-cache/CMakeFiles/CMakeTmp

Run Build Command(s):/usr/bin/gmake -f Makefile cmTC_c55aa/fast && /usr/bin/gmake  -f CMakeFiles/cmTC_c55aa.dir/build.make CMakeFiles/cmTC_c55aa.dir/build
gmake[1]: Entering directory '/home/lunet/cozj/ns3.36/ns-allinone-3.36.1_han/ns-3.36.1/cmake-cache/CMakeFiles/CMakeTmp'
Building CXX object CMakeFiles/cmTC_c55aa.dir/HAVE_BOOST_UNITS.cpp.o
/usr/bin/c++   -fPIE -std=gnu++17 -o CMakeFiles/cmTC_c55aa.dir/HAVE_BOOST_UNITS.cpp.o -c /home/lunet/cozj/ns3.36/ns-allinone-3.36.1_han/ns-3.36.1/cmake-cache/CMakeFiles/CheckIncludeFiles/HAVE_BOOST_UNITS.cpp
Linking CXX executable cmTC_c55aa
/usr/bin/cmake -E cmake_link_script CMakeFiles/cmTC_c55aa.dir/link.txt --verbose=1
/usr/bin/c++ CMakeFiles/cmTC_c55aa.dir/HAVE_BOOST_UNITS.cpp.o -o cmTC_c55aa 
gmake[1]: Leaving directory '/home/lunet/cozj/ns3.36/ns-allinone-3.36.1_han/ns-3.36.1/cmake-cache/CMakeFiles/CMakeTmp'



Determining if the include file net/ethernet.h exists passed with the following output:
Change Dir: /home/lunet/cozj/ns3.36/ns-allinone-3.36.1_han/ns-3.36.1/cmake-cache/CMakeFiles/CMakeTmp

Run Build Command(s):/usr/bin/gmake -f Makefile cmTC_fbb3b/fast && /usr/bin/gmake  -f CMakeFiles/cmTC_fbb3b.dir/build.make CMakeFiles/cmTC_fbb3b.dir/build
gmake[1]: Entering directory '/home/lunet/cozj/ns3.36/ns-allinone-3.36.1_han/ns-3.36.1/cmake-cache/CMakeFiles/CMakeTmp'
Building CXX object CMakeFiles/cmTC_fbb3b.dir/CheckIncludeFile.cxx.o
/usr/bin/c++   -fPIE -std=gnu++17 -o CMakeFiles/cmTC_fbb3b.dir/CheckIncludeFile.cxx.o -c /home/lunet/cozj/ns3.36/ns-allinone-3.36.1_han/ns-3.36.1/cmake-cache/CMakeFiles/CMakeTmp/CheckIncludeFile.cxx
Linking CXX executable cmTC_fbb3b
/usr/bin/cmake -E cmake_link_script CMakeFiles/cmTC_fbb3b.dir/link.txt --verbose=1
/usr/bin/c++ CMakeFiles/cmTC_fbb3b.dir/CheckIncludeFile.cxx.o -o cmTC_fbb3b 
gmake[1]: Leaving directory '/home/lunet/cozj/ns3.36/ns-allinone-3.36.1_han/ns-3.36.1/cmake-cache/CMakeFiles/CMakeTmp'



Determining if the include file netpacket/packet.h exists passed with the following output:
Change Dir: /home/lunet/cozj/ns3.36/ns-allinone-3.36.1_han/ns-3.36.1/cmake-cache/CMakeFiles/CMakeTmp

Run Build Command(s):/usr/bin/gmake -f Makefile cmTC_ffac2/fast && /usr/bin/gmake  -f CMakeFiles/cmTC_ffac2.dir/build.make CMakeFiles/cmTC_ffac2.dir/build
gmake[1]: Entering directory '/home/lunet/cozj/ns3.36/ns-allinone-3.36.1_han/ns-3.36.1/cmake-cache/CMakeFiles/CMakeTmp'
Building CXX object CMakeFiles/cmTC_ffac2.dir/CheckIncludeFile.cxx.o
/usr/bin/c++   -fPIE -std=gnu++17 -o CMakeFiles/cmTC_ffac2.dir/CheckIncludeFile.cxx.o -c /home/lunet/cozj/ns3.36/ns-allinone-3.36.1_han/ns-3.36.1/cmake-cache/CMakeFiles/CMakeTmp/CheckIncludeFile.cxx
Linking CXX executable cmTC_ffac2
/usr/bin/cmake -E cmake_link_script CMakeFiles/cmTC_ffac2.dir/link.txt --verbose=1
/usr/bin/c++ CMakeFiles/cmTC_ffac2.dir/CheckIncludeFile.cxx.o -o cmTC_ffac2 
gmake[1]: Leaving directory '/home/lunet/cozj/ns3.36/ns-allinone-3.36.1_han/ns-3.36.1/cmake-cache/CMakeFiles/CMakeTmp'



Determining if the include file net/if.h exists passed with the following output:
Change Dir: /home/lunet/cozj/ns3.36/ns-allinone-3.36.1_han/ns-3.36.1/cmake-cache/CMakeFiles/CMakeTmp

Run Build Command(s):/usr/bin/gmake -f Makefile cmTC_fb94b/fast && /usr/bin/gmake  -f CMakeFiles/cmTC_fb94b.dir/build.make CMakeFiles/cmTC_fb94b.dir/build
gmake[1]: Entering directory '/home/lunet/cozj/ns3.36/ns-allinone-3.36.1_han/ns-3.36.1/cmake-cache/CMakeFiles/CMakeTmp'
Building CXX object CMakeFiles/cmTC_fb94b.dir/CheckIncludeFile.cxx.o
/usr/bin/c++   -fPIE -std=gnu++17 -o CMakeFiles/cmTC_fb94b.dir/CheckIncludeFile.cxx.o -c /home/lunet/cozj/ns3.36/ns-allinone-3.36.1_han/ns-3.36.1/cmake-cache/CMakeFiles/CMakeTmp/CheckIncludeFile.cxx
Linking CXX executable cmTC_fb94b
/usr/bin/cmake -E cmake_link_script CMakeFiles/cmTC_fb94b.dir/link.txt --verbose=1
/usr/bin/c++ CMakeFiles/cmTC_fb94b.dir/CheckIncludeFile.cxx.o -o cmTC_fb94b 
gmake[1]: Leaving directory '/home/lunet/cozj/ns3.36/ns-allinone-3.36.1_han/ns-3.36.1/cmake-cache/CMakeFiles/CMakeTmp'



Determining if the include file linux/if_tun.h exists passed with the following output:
Change Dir: /home/lunet/cozj/ns3.36/ns-allinone-3.36.1_han/ns-3.36.1/cmake-cache/CMakeFiles/CMakeTmp

Run Build Command(s):/usr/bin/gmake -f Makefile cmTC_11b16/fast && /usr/bin/gmake  -f CMakeFiles/cmTC_11b16.dir/build.make CMakeFiles/cmTC_11b16.dir/build
gmake[1]: Entering directory '/home/lunet/cozj/ns3.36/ns-allinone-3.36.1_han/ns-3.36.1/cmake-cache/CMakeFiles/CMakeTmp'
Building CXX object CMakeFiles/cmTC_11b16.dir/CheckIncludeFile.cxx.o
/usr/bin/c++   -fPIE -std=gnu++17 -o CMakeFiles/cmTC_11b16.dir/CheckIncludeFile.cxx.o -c /home/lunet/cozj/ns3.36/ns-allinone-3.36.1_han/ns-3.36.1/cmake-cache/CMakeFiles/CMakeTmp/CheckIncludeFile.cxx
Linking CXX executable cmTC_11b16
/usr/bin/cmake -E cmake_link_script CMakeFiles/cmTC_11b16.dir/link.txt --verbose=1
/usr/bin/c++ CMakeFiles/cmTC_11b16.dir/CheckIncludeFile.cxx.o -o cmTC_11b16 
gmake[1]: Leaving directory '/home/lunet/cozj/ns3.36/ns-allinone-3.36.1_han/ns-3.36.1/cmake-cache/CMakeFiles/CMakeTmp'



Determining if the include file sys/ioctl.h exists passed with the following output:
Change Dir: /home/lunet/cozj/ns3.36/ns-allinone-3.36.1_han/ns-3.36.1/cmake-cache/CMakeFiles/CMakeTmp

Run Build Command(s):/usr/bin/gmake -f Makefile cmTC_86068/fast && /usr/bin/gmake  -f CMakeFiles/cmTC_86068.dir/build.make CMakeFiles/cmTC_86068.dir/build
gmake[1]: Entering directory '/home/lunet/cozj/ns3.36/ns-allinone-3.36.1_han/ns-3.36.1/cmake-cache/CMakeFiles/CMakeTmp'
Building CXX object CMakeFiles/cmTC_86068.dir/CheckIncludeFile.cxx.o
/usr/bin/c++   -fPIE -std=gnu++17 -o CMakeFiles/cmTC_86068.dir/CheckIncludeFile.cxx.o -c /home/lunet/cozj/ns3.36/ns-allinone-3.36.1_han/ns-3.36.1/cmake-cache/CMakeFiles/CMakeTmp/CheckIncludeFile.cxx
Linking CXX executable cmTC_86068
/usr/bin/cmake -E cmake_link_script CMakeFiles/cmTC_86068.dir/link.txt --verbose=1
/usr/bin/c++ CMakeFiles/cmTC_86068.dir/CheckIncludeFile.cxx.o -o cmTC_86068 
gmake[1]: Leaving directory '/home/lunet/cozj/ns3.36/ns-allinone-3.36.1_han/ns-3.36.1/cmake-cache/CMakeFiles/CMakeTmp'



